// Jest Snapshot v1, https://goo.gl/fbAQLP

exports[`cleans up unreachable records and links 1`] = `
Object {
  "links": Object {
    "Query.todo": "Todo:2",
    "Query.todos": null,
    "Todo:2.author": "Todo:2.author",
  },
  "records": Object {
    "Query": Object {
      "__typename": "Query",
      "todo": undefined,
      "todos": undefined,
    },
    "Todo:2": Object {
      "__typename": "Todo",
      "author": undefined,
      "complete": false,
      "id": "2",
      "text": "Install urql",
    },
    "Todo:2.author": Object {
      "__typename": "Author",
      "name": "Thomas",
    },
  },
}
`;
