// Jest Snapshot v1, https://goo.gl/fbAQLP

exports[`on creation defaults passes snapshot 1`] = `
Array [
  Array [
    Object {
      "data": undefined,
      "error": undefined,
      "fetching": true,
      "mutations": Object {
        "addUser": [Function],
        "removeUser": [Function],
      },
      "refetch": [Function],
    },
  ],
]
`;

exports[`passes snapshot 1`] = `
<h1>
  This is a child component
</h1>
`;
