// Jest Snapshot v1, https://goo.gl/fbAQLP

exports[`passes snapshot 1`] = `
<Connect(TargetComponent)>
  <Connect
    mutations={
      Object {
        "test": Object {
          "query": "mutation AddUser($name: String){
    addUser(name: $name) {
      name
    }
  }",
          "variables": Object {
            "name": "Clara",
          },
        },
      }
    }
    query={
      Object {
        "query": "query getUser($name: String){
    user(name: $name) {
      id
      firstName
      lastName
    }
  }",
        "variables": Object {
          "name": "Clara",
        },
      }
    }
  >
    <div />
  </Connect>
</Connect(TargetComponent)>
`;
