// Jest Snapshot v1, https://goo.gl/fbAQLP

exports[`makeFragmentsFromQuery new fragments are created 1`] = `
Object {
  "Todo": Array [
    Object {
      "kind": "SelectionSet",
      "selections": Array [
        Object {
          "alias": undefined,
          "arguments": Array [],
          "directives": Array [],
          "kind": "Field",
          "name": Object {
            "kind": "Name",
            "value": "id",
          },
          "selectionSet": undefined,
        },
        Object {
          "alias": undefined,
          "arguments": Array [],
          "directives": Array [],
          "kind": "Field",
          "name": Object {
            "kind": "Name",
            "value": "name",
          },
          "selectionSet": undefined,
        },
        Object {
          "alias": undefined,
          "arguments": Array [],
          "directives": Array [],
          "kind": "Field",
          "name": Object {
            "kind": "Name",
            "value": "creator",
          },
          "selectionSet": Object {
            "kind": "SelectionSet",
            "selections": Array [
              Object {
                "alias": undefined,
                "arguments": Array [],
                "directives": Array [],
                "kind": "Field",
                "name": Object {
                  "kind": "Name",
                  "value": "id",
                },
                "selectionSet": undefined,
              },
            ],
          },
        },
      ],
    },
  ],
  "User": Array [
    Object {
      "kind": "SelectionSet",
      "selections": Array [
        Object {
          "alias": undefined,
          "arguments": Array [],
          "directives": Array [],
          "kind": "Field",
          "name": Object {
            "kind": "Name",
            "value": "id",
          },
          "selectionSet": undefined,
        },
      ],
    },
  ],
  "_fragments": Array [
    Object {
      "directives": Array [],
      "kind": "FragmentDefinition",
      "name": Object {
        "kind": "Name",
        "value": "MyFragment",
      },
      "selectionSet": Object {
        "kind": "SelectionSet",
        "selections": Array [
          Object {
            "alias": undefined,
            "arguments": Array [],
            "directives": Array [],
            "kind": "Field",
            "name": Object {
              "kind": "Name",
              "value": "id",
            },
            "selectionSet": undefined,
          },
          Object {
            "alias": undefined,
            "arguments": Array [],
            "directives": Array [],
            "kind": "Field",
            "name": Object {
              "kind": "Name",
              "value": "name",
            },
            "selectionSet": undefined,
          },
        ],
      },
      "typeCondition": Object {
        "kind": "NamedType",
        "name": Object {
          "kind": "Name",
          "value": "User",
        },
      },
    },
    Object {
      "directives": Array [],
      "kind": "FragmentDefinition",
      "name": Object {
        "kind": "Name",
        "value": "TodoFragment",
      },
      "selectionSet": Object {
        "kind": "SelectionSet",
        "selections": Array [
          Object {
            "alias": undefined,
            "arguments": Array [],
            "directives": Array [],
            "kind": "Field",
            "name": Object {
              "kind": "Name",
              "value": "id",
            },
            "selectionSet": undefined,
          },
        ],
      },
      "typeCondition": Object {
        "kind": "NamedType",
        "name": Object {
          "kind": "Name",
          "value": "Todo",
        },
      },
    },
  ],
}
`;
